Error detected with log file on line 7960
No imaginary frequencies to follow...
